complete-with-unavailable-row: refused
complete-with-reason: refused
complete-truncated: refused
unavailable-without-reason: refused
callable-without-signature: refused
provisional-but-callable: refused
duplicate-symbol: refused
validated-type-without-identity: refused
callable-with-provisional-effect: refused
effect-without-display: refused
duplicate-effect: refused
partial-without-facts: refused
stale-is-not-factbearing: refused
